00:00 +0: loading /Users/wbhinton/projects/ELRS/test/pwm_controller_test.dart
00:00 +0: /Users/wbhinton/projects/ELRS/test/device_editor_view_model_test.dart: DeviceEditorViewModel Tests Initial state has no changes
00:00 +1: /Users/wbhinton/projects/ELRS/test/pwm_controller_test.dart: PwmController parses output array
00:00 +2: /Users/wbhinton/projects/ELRS/test/pwm_controller_test.dart: PwmController parses output array
00:00 +3: /Users/wbhinton/projects/ELRS/test/pwm_controller_test.dart: PwmController parses output array
00:00 +4: /Users/wbhinton/projects/ELRS/test/pwm_controller_test.dart: PwmController parses output array
00:00 +5: /Users/wbhinton/projects/ELRS/test/pwm_controller_test.dart: PwmController parses output array
00:00 +6: /Users/wbhinton/projects/ELRS/test/pwm_controller_test.dart: PwmController updates specific pin and saves
00:00 +7: /Users/wbhinton/projects/ELRS/test/elrs_mappings_test.dart: Domain Mapping Tests getDomainLabel returns correct labels for 900MHz
00:00 +8: /Users/wbhinton/projects/ELRS/test/elrs_mappings_test.dart: Domain Mapping Tests getDomainLabel returns correct labels for 2400MHz
00:00 +9: /Users/wbhinton/projects/ELRS/test/elrs_mappings_test.dart: Domain Mapping Tests getDomainLabel returns Unknown for out of bounds indices
00:00 +10: /Users/wbhinton/projects/ELRS/test/elrs_mappings_test.dart: Domain Mapping Tests FrequencyCategory enum contains expected values
00:00 +11: /Users/wbhinton/projects/ELRS/test/firmware_forensics_test.dart: ER8 Binary Forensics: Byte-Perfect Assembly Check
00:01 +12: /Users/wbhinton/projects/ELRS/test/firmware_patcher_test.dart: FirmwarePatcher should generate correct UID from bind phrase
00:01 +13: /Users/wbhinton/projects/ELRS/test/firmware_patcher_test.dart: FirmwarePatcher should throw exception if header not found
00:01 +14: /Users/wbhinton/projects/ELRS/test/firmware_patcher_test.dart: FirmwarePatcher should not modify original binary
00:01 +15: /Users/wbhinton/projects/ELRS/test/backpack_controller_test.dart: Backpack Flash Pipeline succeeds
00:01 +16: /Users/wbhinton/projects/ELRS/test/stm32_firmware_patcher_test.dart: Stm32FirmwarePatcher Patches version 0 firmware correctly
00:01 +17: /Users/wbhinton/projects/ELRS/test/stm32_firmware_patcher_test.dart: Stm32FirmwarePatcher Patches non-zero version firmware correctly
00:01 +18: /Users/wbhinton/projects/ELRS/test/stm32_firmware_patcher_test.dart: Stm32FirmwarePatcher Throws if magic header missing
00:01 +19: /Users/wbhinton/projects/ELRS/test/pwm_logic_test.dart: PWMConfig Binary Logic Wrapped Addition Overflow
00:01 +20: /Users/wbhinton/projects/ELRS/test/pwm_logic_test.dart: PWMConfig Binary Logic Clamped Addition Ceiling
00:01 +21: /Users/wbhinton/projects/ELRS/test/pwm_logic_test.dart: PWMConfig Binary Logic Bit Consistency against ELRS Protocol Expected Pattern
00:01 +22: /Users/wbhinton/projects/ELRS/test/pwm_logic_test.dart: PWMConfig Binary Logic Input Validation with checkRange
00:01 +23: /Users/wbhinton/projects/ELRS/test/targets_repository_test.dart: fetchTargets returns data from network and caches it
00:01 +24: /Users/wbhinton/projects/ELRS/test/targets_repository_test.dart: fetchTargets returns data from cache when network fails
Failed to fetch targets online: DioException [unknown]: null. Checking cache...
00:01 +25: /Users/wbhinton/projects/ELRS/test/targets_repository_test.dart: fetchTargets throws when network fails and cache is empty
Failed to fetch targets online: Exception: Network error. Checking cache...
00:02 +26: /Users/wbhinton/projects/ELRS/test/releases_repository_test.dart: Repository fetches and filters versions correctly
00:02 +27: /Users/wbhinton/projects/ELRS/test/releases_repository_test.dart: Repository handles API error
RELEASES: Offline or Artifactory unreachable. Fallback to cache may be available.
00:02 +28: /Users/wbhinton/projects/ELRS/test/dashboard_screen_test.dart: Dashboard renders all menu items
Discovery Service started. (Note: mDNS may not work in Android Emulator)
Pending timers:
Timer (duration: 0:00:00.000000, periodic: false), created:
#0      new FakeTimer._ (package:fake_async/fake_async.dart:342:62)
#1      FakeAsync._createTimer (package:fake_async/fake_async.dart:260:29)
#2      FakeAsync.run.<anonymous closure> (package:fake_async/fake_async.dart:185:15)
#7      DioMixin.fetch (package:dio/src/dio_mixin.dart:466:30)
#8      DioMixin.request (package:dio/src/dio_mixin.dart:374:12)
#9      DioMixin.head (package:dio/src/dio_mixin.dart:186:12)
#10     DeviceConfigService.probeDeviceHead (package:elrs_mobile/src/features/config/services/device_config_service.dart:24:35)
#11     ConfigViewModel._performHeartbeat.<anonymous closure> (package:elrs_mobile/src/features/config/presentation/config_view_model.dart:102:37)
#12     MappedListIterable.elementAt (dart:_internal/iterable.dart:442:31)
#13     ListIterator.moveNext (dart:_internal/iterable.dart:371:26)
#15     ConfigViewModel._performHeartbeat (package:elrs_mobile/src/features/config/presentation/config_view_model.dart:99:41)
#16     ConfigViewModel.build (package:elrs_mobile/src/features/config/presentation/config_view_model.dart:52:5)
<asynchronous suspension>
#17     ElementWithFuture.handleFuture.<anonymous closure>.<anonymous closure> (package:riverpod/src/core/element.dart:220:17)
<asynchronous suspension>
#18     ElementWithFuture.handleFuture.<anonymous closure>.<anonymous closure> (package:riverpod/src/core/element.dart:225:29)
<asynchronous suspension>
(elided 5 frames from dart:async)

Timer (duration: 0:00:00.000000, periodic: false), created:
#0      new FakeTimer._ (package:fake_async/fake_async.dart:342:62)
#1      FakeAsync._createTimer (package:fake_async/fake_async.dart:260:29)
#2      FakeAsync.run.<anonymous closure> (package:fake_async/fake_async.dart:185:15)
#7      DioMixin.fetch (package:dio/src/dio_mixin.dart:466:30)
#8      DioMixin.request (package:dio/src/dio_mixin.dart:374:12)
#9      DioMixin.head (package:dio/src/dio_mixin.dart:186:12)
#10     DeviceConfigService.probeDeviceHead (package:elrs_mobile/src/features/config/services/device_config_service.dart:24:35)
#11     ConfigViewModel._performHeartbeat.<anonymous closure> (package:elrs_mobile/src/features/config/presentation/config_view_model.dart:102:37)
#12     MappedListIterable.elementAt (dart:_internal/iterable.dart:442:31)
#13     ListIterator.moveNext (dart:_internal/iterable.dart:371:26)
#15     ConfigViewModel._performHeartbeat (package:elrs_mobile/src/features/config/presentation/config_view_model.dart:99:41)
#16     ConfigViewModel.build (package:elrs_mobile/src/features/config/presentation/config_view_model.dart:52:5)
<asynchronous suspension>
#17     ElementWithFuture.handleFuture.<anonymous closure>.<anonymous closure> (package:riverpod/src/core/element.dart:220:17)
<asynchronous suspension>
#18     ElementWithFuture.handleFuture.<anonymous closure>.<anonymous closure> (package:riverpod/src/core/element.dart:225:29)
<asynchronous suspension>
(elided 5 frames from dart:async)

Timer (duration: 0:00:00.000000, periodic: false), created:
#0      new FakeTimer._ (package:fake_async/fake_async.dart:342:62)
#1      FakeAsync._createTimer (package:fake_async/fake_async.dart:260:29)
#2      FakeAsync.run.<anonymous closure> (package:fake_async/fake_async.dart:185:15)
#7      DioMixin.fetch (package:dio/src/dio_mixin.dart:466:30)
#8      DioMixin.request (package:dio/src/dio_mixin.dart:374:12)
#9      DioMixin.head (package:dio/src/dio_mixin.dart:186:12)
#10     DeviceConfigService.probeDeviceHead (package:elrs_mobile/src/features/config/services/device_config_service.dart:24:35)
#11     ConfigViewModel._performHeartbeat.<anonymous closure> (package:elrs_mobile/src/features/config/presentation/config_view_model.dart:102:37)
#12     MappedListIterable.elementAt (dart:_internal/iterable.dart:442:31)
#13     ListIterator.moveNext (dart:_internal/iterable.dart:371:26)
#15     ConfigViewModel._performHeartbeat (package:elrs_mobile/src/features/config/presentation/config_view_model.dart:99:41)
#16     ConfigViewModel.build (package:elrs_mobile/src/features/config/presentation/config_view_model.dart:52:5)
<asynchronous suspension>
#17     ElementWithFuture.handleFuture.<anonymous closure>.<anonymous closure> (package:riverpod/src/core/element.dart:220:17)
<asynchronous suspension>
#18     ElementWithFuture.handleFuture.<anonymous closure>.<anonymous closure> (package:riverpod/src/core/element.dart:225:29)
<asynchronous suspension>
(elided 5 frames from dart:async)

══╡ EXCEPTION CAUGHT BY FLUTTER TEST FRAMEWORK ╞════════════════════════════════════════════════════
The following assertion was thrown running a test:
A Timer is still pending even after the widget tree was disposed.
'package:flutter_test/src/binding.dart':
Failed assertion: line 2242 pos 12: '!timersPending'

When the exception was thrown, this was the stack:
#2      AutomatedTestWidgetsFlutterBinding._verifyInvariants (package:flutter_test/src/binding.dart:2242:12)
#3      TestWidgetsFlutterBinding._runTestBody (package:flutter_test/src/binding.dart:1703:7)
<asynchronous suspension>
<asynchronous suspension>
(elided 3 frames from class _AssertionError and package:stack_trace)

The test description was:
  Dashboard renders all menu items
════════════════════════════════════════════════════════════════════════════════════════════════════
00:03 +28 -1: /Users/wbhinton/projects/ELRS/test/flashing_screen_test.dart: FlashingScreen loads with correct title and button
00:03 +28 -1: /Users/wbhinton/projects/ELRS/test/dashboard_screen_test.dart: Dashboard renders all menu items [E]
  Test failed. See exception logs above.
  The test description was: Dashboard renders all menu items
  
00:03 +29 -1: /Users/wbhinton/projects/ELRS/test/flashing_screen_test.dart: FlashingScreen loads with correct title and button
00:03 +30 -1: /Users/wbhinton/projects/ELRS/test/flashing_screen_test.dart: FlashingScreen loads with correct title and button
00:03 +30 -1: /Users/wbhinton/projects/ELRS/test/device_repository_test.dart: DeviceRepository flashFirmware throws exception on error
Skipping compression for platform: null
Trimming Delta: 0
Final Byte Count: 3
00:03 +31 -1: /Users/wbhinton/projects/ELRS/test/flashing_screen_test.dart: FlashingScreen loads with correct title and button
00:03 +32 -1: /Users/wbhinton/projects/ELRS/test/flashing_screen_test.dart: App applies Dark Mode background
00:04 +33 -1: /Users/wbhinton/projects/ELRS/test/frequency_validator_test.dart: FrequencyValidator getValidatedFrequency allows valid 900MHz frequency for non-2G4 hardware
00:04 +34 -1: /Users/wbhinton/projects/ELRS/test/frequency_validator_test.dart: FrequencyValidator getValidatedFrequency allows valid 2.4GHz frequency for 2G4 hardware
00:04 +35 -1: /Users/wbhinton/projects/ELRS/test/frequency_validator_test.dart: FrequencyValidator getValidatedFrequency throws on sub-GHz frequency for 2G4 hardware
00:04 +36 -1: /Users/wbhinton/projects/ELRS/test/frequency_validator_test.dart: RuntimeConfig frequencyBand extension frequencyBand returns 900 for freqIndex 0 on standard hardware
00:04 +37 -1: /Users/wbhinton/projects/ELRS/test/frequency_validator_test.dart: RuntimeConfig frequencyBand extension frequencyBand returns 2400 for freqIndex 1 on 2.4GHz hardware
00:04 +38 -1: /Users/wbhinton/projects/ELRS/test/frequency_validator_test.dart: RuntimeConfig frequencyBand extension frequencyBand returns 2400 for 2.4GHz hardware regardless of freqIndex
00:04 +39 -1: /Users/wbhinton/projects/ELRS/test/model_match_controller_test.dart: ModelMatchController loads Model ID from config
00:04 +40 -1: /Users/wbhinton/projects/ELRS/test/model_match_controller_test.dart: ModelMatchController saves new Model ID
00:04 +41 -1: /Users/wbhinton/projects/ELRS/test/hardware_logic_integrity_test.dart: Hardware Logic Integrity Telemetry Gatekeeping via checkRange accepts values at the valid boundary edges
00:04 +42 -1: /Users/wbhinton/projects/ELRS/test/hardware_logic_integrity_test.dart: Hardware Logic Integrity Telemetry Gatekeeping via checkRange accepts mid-range byte value and returns the correct Uint8
00:04 +43 -1: /Users/wbhinton/projects/ELRS/test/hardware_logic_integrity_test.dart: Hardware Logic Integrity Telemetry Gatekeeping via checkRange rejects value just above maxInt with RangeError
00:04 +44 -1: /Users/wbhinton/projects/ELRS/test/hardware_logic_integrity_test.dart: Hardware Logic Integrity Telemetry Gatekeeping via checkRange rejects negative value with RangeError
00:04 +45 -1: /Users/wbhinton/projects/ELRS/test/hardware_logic_integrity_test.dart: Hardware Logic Integrity Telemetry Gatekeeping via checkRange tryFrom returns null for out-of-range values (non-throwing gate)
00:04 +46 -1: /Users/wbhinton/projects/ELRS/test/hardware_logic_integrity_test.dart: Hardware Logic Integrity Modular Wrap-around Parity 255 + 1 wraps to 0 (hardware register overflow)
00:04 +47 -1: /Users/wbhinton/projects/ELRS/test/hardware_logic_integrity_test.dart: Hardware Logic Integrity Modular Wrap-around Parity 0 - 1 wraps to 255 via wrappedSubtract (underflow completeness)
00:04 +48 -1: /Users/wbhinton/projects/ELRS/test/hardware_logic_integrity_test.dart: Hardware Logic Integrity Modular Wrap-around Parity mid-range addition does not wrap
00:04 +49 -1: /Users/wbhinton/projects/ELRS/test/hardware_logic_integrity_test.dart: Hardware Logic Integrity Modular Wrap-around Parity saturating add via clampedAdd does not overflow
00:04 +50 -1: /Users/wbhinton/projects/ELRS/test/hardware_logic_integrity_test.dart: Hardware Logic Integrity Round-trip Parity (UI → ByteList → Model) bit 5 set by UI survives transmission and re-parse (2^5 == 32)
00:04 +51 -1: /Users/wbhinton/projects/ELRS/test/hardware_logic_integrity_test.dart: Hardware Logic Integrity Round-trip Parity (UI → ByteList → Model) round-trip preserves all bits for a multi-bit config byte
00:04 +52 -1: /Users/wbhinton/projects/ELRS/test/hardware_logic_integrity_test.dart: Hardware Logic Integrity Round-trip Parity (UI → ByteList → Model) clearing a bit survives round-trip
00:04 +53 -1: /Users/wbhinton/projects/ELRS/test/hardware_logic_integrity_test.dart: Hardware Logic Integrity Round-trip Parity (UI → ByteList → Model) viewOrCopyAsBytes returns a Uint8List view with correct bytes
00:04 +54 -1: /Users/wbhinton/projects/ELRS/test/telemetry_parser_test.dart: Telemetry Ingestion Layer Audit RegulatoryDomain.fromIndex handles valid indices
00:04 +55 -1: /Users/wbhinton/projects/ELRS/test/telemetry_parser_test.dart: Telemetry Ingestion Layer Audit RegulatoryDomain.fromIndex handles unknown indices
00:04 +56 -1: /Users/wbhinton/projects/ELRS/test/telemetry_parser_test.dart: Telemetry Ingestion Layer Audit RegulatoryDomain label mapping
00:04 +57 -1: /Users/wbhinton/projects/ELRS/test/telemetry_parser_test.dart: Telemetry Ingestion Layer Audit parseRegulatoryTelemetry extracts domain bits correctly (0-3)
00:05 +58 -1: /Users/wbhinton/projects/ELRS/test/runtime_config_model_test.dart: RuntimeConfig Model Parses valid /config JSON with nested structure correctly
00:05 +59 -1: /Users/wbhinton/projects/ELRS/test/runtime_config_model_test.dart: RuntimeConfig Model Handles missing nested fields with defaults
00:05 +60 -1: /Users/wbhinton/projects/ELRS/test/widget_test.dart: App renders without crashing
00:06 +61 -1: /Users/wbhinton/projects/ELRS/test/widget_test.dart: App renders without crashing
00:06 +62 -1: /Users/wbhinton/projects/ELRS/test/hardware_config_merger_test.dart: HardwareConfigMerger Merges overlay into base layout correctly
00:06 +63 -1: /Users/wbhinton/projects/ELRS/test/hardware_config_merger_test.dart: HardwareConfigMerger Handles null or empty overlay
00:06 +64 -1: /Users/wbhinton/projects/ELRS/test/hardware_config_merger_test.dart: HardwareConfigMerger Does not mutate base layout
00:06 +65 -1: /Users/wbhinton/projects/ELRS/test/binding_phrase_utils_test.dart: BindingPhraseUtils Generates correct UID for standard phrase
00:06 +66 -1: /Users/wbhinton/projects/ELRS/test/binding_phrase_utils_test.dart: BindingPhraseUtils Generates empty UID for empty phrase
00:07 +67 -1: /Users/wbhinton/projects/ELRS/test/target_resolver_test.dart: TargetResolver applyOverlay merges correctly
00:07 +68 -1: /Users/wbhinton/projects/ELRS/test/target_resolver_test.dart: TargetResolver resolveLayout finds file in RX folder
00:07 +69 -1: /Users/wbhinton/projects/ELRS/test/target_resolver_test.dart: TargetResolver resolveLayout falls back to basename search
00:07 +70 -1: /Users/wbhinton/projects/ELRS/test/target_resolver_test.dart: TargetResolver resolveLayout throws specific error when not found
00:07 +71 -1: /Users/wbhinton/projects/ELRS/test/firmware_manager_controller_test.dart: Download is rejected when cache limit is reached
00:07 +72 -1: /Users/wbhinton/projects/ELRS/test/firmware_manager_controller_test.dart: Download succeeds when under cache limit
00:08 +73 -1: /Users/wbhinton/projects/ELRS/test/device_settings_repository_test.dart: DeviceRepository Settings updateBindingPhrase sends correct UID payload
00:08 +74 -1: /Users/wbhinton/projects/ELRS/test/device_settings_repository_test.dart: DeviceRepository Settings updateWifi sends correct ssid and password
00:08 +75 -1: /Users/wbhinton/projects/ELRS/test/discovery_integration_test.dart: Discovery Integration Test Repository updates Base URL when Discovery finds device
Provider Transition: AsyncLoading<String?>() -> AsyncData<String?>(value: null)
CONNECTION: Target IP updated to 192.168.1.55
Provider Transition: AsyncData<String?>(value: null) -> AsyncData<String?>(value: 192.168.1.55)
Final Provider Value: AsyncData<String?>(value: 192.168.1.55)
Repo Base URL: http://192.168.1.55
00:08 +76 -1: /Users/wbhinton/projects/ELRS/test/discovery_integration_test.dart: Discovery Integration Test Badge shows Green when connected
00:08 +77 -1: /Users/wbhinton/projects/ELRS/test/discovery_integration_test.dart: Discovery Integration Test Badge shows Green when connected
00:09 +78 -1: /Users/wbhinton/projects/ELRS/test/flashing_options_test.dart: Controller loads saved options on init
00:09 +78 -1: /Users/wbhinton/projects/ELRS/test/device_repository_flashing_test.dart: DeviceRepository Flashing Tests flashFirmware sends GZIP compressed multipart request with correct headers
Skipping compression for platform: null
Trimming Delta: 0
Final Byte Count: 3
LOG: Flash successful!
00:09 +79 -1: /Users/wbhinton/projects/ELRS/test/flashing_options_test.dart: Controller loads saved options on init
00:09 +79 -1: /Users/wbhinton/projects/ELRS/test/device_repository_flashing_test.dart: DeviceRepository Flashing Tests flashFirmware does NOT double-compress .gz files
Skipping compression for platform: null
Trimming Delta: 0
Final Byte Count: 3
LOG: Flash successful!
00:09 +80 -1: /Users/wbhinton/projects/ELRS/test/flashing_options_test.dart: Controller loads saved options on init
00:09 +81 -1: /Users/wbhinton/projects/ELRS/test/device_repository_flashing_test.dart: DeviceRepository Flashing Tests flashFirmware handles 500 error
Skipping compression for platform: null
Trimming Delta: 0
Final Byte Count: 0
00:09 +82 -1: /Users/wbhinton/projects/ELRS/test/device_repository_flashing_test.dart: DeviceRepository Flashing Tests flashFirmware handles 500 error
00:09 +83 -1: loading /Users/wbhinton/projects/ELRS/test/flashing_controller_test.dart
00:09 +83 -1: /Users/wbhinton/projects/ELRS/test/unified_firmware_builder_test.dart: UnifiedFirmwareBuilder Builds correctly structured binary
00:09 +84 -1: /Users/wbhinton/projects/ELRS/test/unified_firmware_builder_test.dart: UnifiedFirmwareBuilder Trims firmware correctly
00:09 +85 -1: /Users/wbhinton/projects/ELRS/test/unified_firmware_builder_test.dart: UnifiedFirmwareBuilder Includes Wi-Fi credentials in options JSON
00:09 +86 -1: /Users/wbhinton/projects/ELRS/test/unified_firmware_builder_test.dart: UnifiedFirmwareBuilder Builds correctly with specific BetaFPV strings
00:09 +87 -1: /Users/wbhinton/projects/ELRS/test/flashing_controller_test.dart: Selection Logic Resets Correctly
00:09 +88 -1: /Users/wbhinton/projects/ELRS/test/flashing_controller_test.dart: Selection Logic Verify
00:10 +89 -1: /Users/wbhinton/projects/ELRS/test/firmware_assembler_test.dart: FirmwareAssembler generateUid hashes correctly
00:10 +90 -1: /Users/wbhinton/projects/ELRS/test/firmware_assembler_test.dart: FirmwareAssembler assembleEspUnified builds correct structure
DEBUG: Original Firmware Size: 3
DEBUG: Magic byte not found, returning full length
DEBUG: Calculated True End (Surgical): 3
DEBUG: Bytes Stripped (Padding + Old Config): 0
00:10 +91 -1: /Users/wbhinton/projects/ELRS/test/firmware_assembler_test.dart: FirmwareAssembler assembleEspUnified handles ESP32 platform
DEBUG: Original Firmware Size: 3
DEBUG: Magic byte not found, returning full length
DEBUG: Calculated True End (Surgical): 3
DEBUG: Bytes Stripped (Padding + Old Config): 0
00:10 +92 -1: /Users/wbhinton/projects/ELRS/test/flashing_pipeline_test.dart: Flash Action completes successfully
FLASHING: Started (Heartbeat silenced: true)
CONNECTIVITY: Explicitly unbinding process...
00:10 +92 -2: /Users/wbhinton/projects/ELRS/test/flashing_pipeline_test.dart: Flash Action completes successfully [E]
  Binding has not yet been initialized.
  The "instance" getter on the ServicesBinding binding mixin is only available once that binding has been initialized.
  Typically, this is done by calling "WidgetsFlutterBinding.ensureInitialized()" or "runApp()" (the latter calls the former). Typically this call is done in the "void main()" method. The "ensureInitialized" method is idempotent; calling it multiple times is not harmful. After calling that method, the "instance" getter will return the binding.
  In a test, one can call "TestWidgetsFlutterBinding.ensureInitialized()" as the first line in the test's "main()" method to initialize the binding.
  If ServicesBinding is a custom binding mixin, there must also be a custom binding class, like WidgetsFlutterBinding, but that mixes in the selected binding, and that is the class that must be constructed before using the "instance" getter.
  package:flutter/src/foundation/binding.dart 314:9                                       BindingBase.checkInstance.<fn>
  package:flutter/src/foundation/binding.dart 401:6                                       BindingBase.checkInstance
  package:flutter/src/services/binding.dart 73:54                                         ServicesBinding.instance
  package:flutter/src/services/platform_channel.dart 178:25                               _findBinaryMessenger
  package:flutter/src/services/platform_channel.dart 677:62                               EventChannel.binaryMessenger
  package:flutter/src/services/platform_channel.dart 698:9                                EventChannel.receiveBroadcastStream.<fn>
  dart:async                                                                              _ForwardingStream.listen
  package:riverpod/src/core/element.dart 162:29                                           ElementWithFuture.handleStream.<fn>
  package:riverpod/src/core/element.dart 270:35                                           ElementWithFuture._handleAsync
  package:riverpod/src/core/element.dart 153:12                                           ElementWithFuture.handleStream
  package:riverpod/src/providers/stream_notifier.dart 85:5                                $StreamNotifierProviderElement.handleCreate
  package:elrs_mobile/src/core/networking/connectivity_service.g.dart 63:13               _$ConnectivityService.runBuild
  package:riverpod/src/core/provider/notifier_provider.dart 560:28                        $ClassProviderElement.create
  package:riverpod/src/core/element.dart 684:28                                           ProviderElement.buildState
  package:riverpod/src/core/element.dart 537:7                                            ProviderElement.mount
  package:riverpod/src/core/element.dart 640:7                                            ProviderElement.flush
  package:riverpod/src/core/provider/provider.dart 119:24                                 $ProviderBaseImpl._addListener
  package:riverpod/src/core/proxy_provider_listenable.dart 106:31                         ProviderElementProxy._addListener
  package:riverpod/src/core/provider_container.dart 960:26                                ProviderContainer.listen
  package:riverpod/src/core/provider_container.dart 917:17                                ProviderContainer.read
  package:riverpod/src/core/ref.dart 540:30                                               Ref.read
  package:elrs_mobile/src/features/flashing/presentation/flashing_controller.dart 305:32  FlashingController.flash
  test/flashing_pipeline_test.dart 107:22                                                 main.<fn>
  ===== asynchronous gap ===========================
  dart:async                                                                              _ForwardingStream.listen
  package:riverpod/src/core/element.dart 162:29                                           ElementWithFuture.handleStream.<fn>
  package:riverpod/src/core/element.dart 270:35                                           ElementWithFuture._handleAsync
  package:riverpod/src/core/element.dart 153:12                                           ElementWithFuture.handleStream
  package:riverpod/src/providers/stream_notifier.dart 85:5                                $StreamNotifierProviderElement.handleCreate
  package:elrs_mobile/src/core/networking/connectivity_service.g.dart 63:13               _$ConnectivityService.runBuild
  package:riverpod/src/core/provider/notifier_provider.dart 560:28                        $ClassProviderElement.create
  package:riverpod/src/core/element.dart 684:28                                           ProviderElement.buildState
  package:riverpod/src/core/element.dart 537:7                                            ProviderElement.mount
  package:riverpod/src/core/element.dart 640:7                                            ProviderElement.flush
  package:riverpod/src/core/provider/provider.dart 119:24                                 $ProviderBaseImpl._addListener
  package:riverpod/src/core/proxy_provider_listenable.dart 106:31                         ProviderElementProxy._addListener
  package:riverpod/src/core/provider_container.dart 960:26                                ProviderContainer.listen
  package:riverpod/src/core/provider_container.dart 917:17                                ProviderContainer.read
  package:riverpod/src/core/ref.dart 540:30                                               Ref.read
  package:elrs_mobile/src/features/flashing/presentation/flashing_controller.dart 305:32  FlashingController.flash
  test/flashing_pipeline_test.dart 107:22                                                 main.<fn>
  
FLASHING: Finished (Heartbeat silenced: false)
  Binding has not yet been initialized.
  The "instance" getter on the ServicesBinding binding mixin is only available once that binding has been initialized.
  Typically, this is done by calling "WidgetsFlutterBinding.ensureInitialized()" or "runApp()" (the latter calls the former). Typically this call is done in the "void main()" method. The "ensureInitialized" method is idempotent; calling it multiple times is not harmful. After calling that method, the "instance" getter will return the binding.
  In a test, one can call "TestWidgetsFlutterBinding.ensureInitialized()" as the first line in the test's "main()" method to initialize the binding.
  If ServicesBinding is a custom binding mixin, there must also be a custom binding class, like WidgetsFlutterBinding, but that mixes in the selected binding, and that is the class that must be constructed before using the "instance" getter.
  package:flutter/src/foundation/binding.dart 314:9                                       BindingBase.checkInstance.<fn>
  package:flutter/src/foundation/binding.dart 401:6                                       BindingBase.checkInstance
  package:flutter/src/services/binding.dart 73:54                                         ServicesBinding.instance
  package:flutter/src/services/platform_channel.dart 178:25                               _findBinaryMessenger
  package:flutter/src/services/platform_channel.dart 319:56                               MethodChannel.binaryMessenger
  package:flutter/src/services/platform_channel.dart 359:17                               MethodChannel._invokeMethod
  package:flutter/src/services/platform_channel.dart 539:12                               MethodChannel.invokeMethod
  package:flutter/src/services/platform_channel.dart 552:41                               MethodChannel.invokeListMethod
  package:connectivity_plus_platform_interface/method_channel_connectivity.dart 40:10     MethodChannelConnectivity.checkConnectivity
  package:connectivity_plus/connectivity_plus.dart 64:22                                  Connectivity.checkConnectivity
  package:elrs_mobile/src/core/networking/connectivity_service.dart 40:42                 ConnectivityService.autoBindIfWiFi
  package:elrs_mobile/src/features/flashing/presentation/flashing_controller.dart 396:61  FlashingController.flash
  
  Binding has not yet been initialized.
  The "instance" getter on the ServicesBinding binding mixin is only available once that binding has been initialized.
  Typically, this is done by calling "WidgetsFlutterBinding.ensureInitialized()" or "runApp()" (the latter calls the former). Typically this call is done in the "void main()" method. The "ensureInitialized" method is idempotent; calling it multiple times is not harmful. After calling that method, the "instance" getter will return the binding.
  In a test, one can call "TestWidgetsFlutterBinding.ensureInitialized()" as the first line in the test's "main()" method to initialize the binding.
  If ServicesBinding is a custom binding mixin, there must also be a custom binding class, like WidgetsFlutterBinding, but that mixes in the selected binding, and that is the class that must be constructed before using the "instance" getter.
  package:flutter/src/foundation/binding.dart 314:9          BindingBase.checkInstance.<fn>
  package:flutter/src/foundation/binding.dart 401:6          BindingBase.checkInstance
  package:flutter/src/services/binding.dart 73:54            ServicesBinding.instance
  package:flutter/src/services/platform_channel.dart 178:25  _findBinaryMessenger
  package:flutter/src/services/platform_channel.dart 677:62  EventChannel.binaryMessenger
  package:flutter/src/services/platform_channel.dart 724:9   EventChannel.receiveBroadcastStream.<fn>
  dart:async                                                 _BufferingStreamSubscription.cancel
  package:riverpod/src/core/element.dart 306:32              ElementWithFuture.runOnDispose
  package:riverpod/src/core/element.dart 1211:5              ProviderElement.clearState
  package:riverpod/src/core/element.dart 1242:5              ProviderElement.dispose
  package:riverpod/src/core/element.dart 332:11              ElementWithFuture.dispose
  package:riverpod/src/core/provider_container.dart 1136:15  ProviderContainer._dispose
  package:riverpod/src/core/provider_container.dart 1150:21  ProviderContainer.dispose
  ===== asynchronous gap ===========================
  dart:async                                                 _BufferingStreamSubscription.cancel
  package:riverpod/src/core/element.dart 306:32              ElementWithFuture.runOnDispose
  package:riverpod/src/core/element.dart 1211:5              ProviderElement.clearState
  package:riverpod/src/core/element.dart 1242:5              ProviderElement.dispose
  package:riverpod/src/core/element.dart 332:11              ElementWithFuture.dispose
  package:riverpod/src/core/provider_container.dart 1136:15  ProviderContainer._dispose
  package:riverpod/src/core/provider_container.dart 1150:21  ProviderContainer.dispose
  
00:10 +92 -2: /Users/wbhinton/projects/ELRS/test/flashing_pipeline_test.dart: Flash Action handles download error
FLASHING: Started (Heartbeat silenced: true)
CONNECTIVITY: Explicitly unbinding process...
00:10 +92 -3: /Users/wbhinton/projects/ELRS/test/flashing_pipeline_test.dart: Flash Action handles download error [E]
  Binding has not yet been initialized.
  The "instance" getter on the ServicesBinding binding mixin is only available once that binding has been initialized.
  Typically, this is done by calling "WidgetsFlutterBinding.ensureInitialized()" or "runApp()" (the latter calls the former). Typically this call is done in the "void main()" method. The "ensureInitialized" method is idempotent; calling it multiple times is not harmful. After calling that method, the "instance" getter will return the binding.
  In a test, one can call "TestWidgetsFlutterBinding.ensureInitialized()" as the first line in the test's "main()" method to initialize the binding.
  If ServicesBinding is a custom binding mixin, there must also be a custom binding class, like WidgetsFlutterBinding, but that mixes in the selected binding, and that is the class that must be constructed before using the "instance" getter.
  package:flutter/src/foundation/binding.dart 314:9                                       BindingBase.checkInstance.<fn>
  package:flutter/src/foundation/binding.dart 401:6                                       BindingBase.checkInstance
  package:flutter/src/services/binding.dart 73:54                                         ServicesBinding.instance
  package:flutter/src/services/platform_channel.dart 178:25                               _findBinaryMessenger
  package:flutter/src/services/platform_channel.dart 677:62                               EventChannel.binaryMessenger
  package:flutter/src/services/platform_channel.dart 698:9                                EventChannel.receiveBroadcastStream.<fn>
  dart:async                                                                              _ForwardingStream.listen
  package:riverpod/src/core/element.dart 162:29                                           ElementWithFuture.handleStream.<fn>
  package:riverpod/src/core/element.dart 270:35                                           ElementWithFuture._handleAsync
  package:riverpod/src/core/element.dart 153:12                                           ElementWithFuture.handleStream
  package:riverpod/src/providers/stream_notifier.dart 85:5                                $StreamNotifierProviderElement.handleCreate
  package:elrs_mobile/src/core/networking/connectivity_service.g.dart 63:13               _$ConnectivityService.runBuild
  package:riverpod/src/core/provider/notifier_provider.dart 560:28                        $ClassProviderElement.create
  package:riverpod/src/core/element.dart 684:28                                           ProviderElement.buildState
  package:riverpod/src/core/element.dart 537:7                                            ProviderElement.mount
  package:riverpod/src/core/element.dart 640:7                                            ProviderElement.flush
  package:riverpod/src/core/provider/provider.dart 119:24                                 $ProviderBaseImpl._addListener
  package:riverpod/src/core/proxy_provider_listenable.dart 106:31                         ProviderElementProxy._addListener
  package:riverpod/src/core/provider_container.dart 960:26                                ProviderContainer.listen
  package:riverpod/src/core/provider_container.dart 917:17                                ProviderContainer.read
  package:riverpod/src/core/ref.dart 540:30                                               Ref.read
  package:elrs_mobile/src/features/flashing/presentation/flashing_controller.dart 305:32  FlashingController.flash
  test/flashing_pipeline_test.dart 168:22                                                 main.<fn>
  ===== asynchronous gap ===========================
  dart:async                                                                              _ForwardingStream.listen
  package:riverpod/src/core/element.dart 162:29                                           ElementWithFuture.handleStream.<fn>
  package:riverpod/src/core/element.dart 270:35                                           ElementWithFuture._handleAsync
  package:riverpod/src/core/element.dart 153:12                                           ElementWithFuture.handleStream
  package:riverpod/src/providers/stream_notifier.dart 85:5                                $StreamNotifierProviderElement.handleCreate
  package:elrs_mobile/src/core/networking/connectivity_service.g.dart 63:13               _$ConnectivityService.runBuild
  package:riverpod/src/core/provider/notifier_provider.dart 560:28                        $ClassProviderElement.create
  package:riverpod/src/core/element.dart 684:28                                           ProviderElement.buildState
  package:riverpod/src/core/element.dart 537:7                                            ProviderElement.mount
  package:riverpod/src/core/element.dart 640:7                                            ProviderElement.flush
  package:riverpod/src/core/provider/provider.dart 119:24                                 $ProviderBaseImpl._addListener
  package:riverpod/src/core/proxy_provider_listenable.dart 106:31                         ProviderElementProxy._addListener
  package:riverpod/src/core/provider_container.dart 960:26                                ProviderContainer.listen
  package:riverpod/src/core/provider_container.dart 917:17                                ProviderContainer.read
  package:riverpod/src/core/ref.dart 540:30                                               Ref.read
  package:elrs_mobile/src/features/flashing/presentation/flashing_controller.dart 305:32  FlashingController.flash
  test/flashing_pipeline_test.dart 168:22                                                 main.<fn>
  
FLASHING: Finished (Heartbeat silenced: false)
  Binding has not yet been initialized.
  The "instance" getter on the ServicesBinding binding mixin is only available once that binding has been initialized.
  Typically, this is done by calling "WidgetsFlutterBinding.ensureInitialized()" or "runApp()" (the latter calls the former). Typically this call is done in the "void main()" method. The "ensureInitialized" method is idempotent; calling it multiple times is not harmful. After calling that method, the "instance" getter will return the binding.
  In a test, one can call "TestWidgetsFlutterBinding.ensureInitialized()" as the first line in the test's "main()" method to initialize the binding.
  If ServicesBinding is a custom binding mixin, there must also be a custom binding class, like WidgetsFlutterBinding, but that mixes in the selected binding, and that is the class that must be constructed before using the "instance" getter.
  package:flutter/src/foundation/binding.dart 314:9                                       BindingBase.checkInstance.<fn>
  package:flutter/src/foundation/binding.dart 401:6                                       BindingBase.checkInstance
  package:flutter/src/services/binding.dart 73:54                                         ServicesBinding.instance
  package:flutter/src/services/platform_channel.dart 178:25                               _findBinaryMessenger
  package:flutter/src/services/platform_channel.dart 319:56                               MethodChannel.binaryMessenger
  package:flutter/src/services/platform_channel.dart 359:17                               MethodChannel._invokeMethod
  package:flutter/src/services/platform_channel.dart 539:12                               MethodChannel.invokeMethod
  package:flutter/src/services/platform_channel.dart 552:41                               MethodChannel.invokeListMethod
  package:connectivity_plus_platform_interface/method_channel_connectivity.dart 40:10     MethodChannelConnectivity.checkConnectivity
  package:connectivity_plus/connectivity_plus.dart 64:22                                  Connectivity.checkConnectivity
  package:elrs_mobile/src/core/networking/connectivity_service.dart 40:42                 ConnectivityService.autoBindIfWiFi
  package:elrs_mobile/src/features/flashing/presentation/flashing_controller.dart 396:61  FlashingController.flash
  
  Binding has not yet been initialized.
  The "instance" getter on the ServicesBinding binding mixin is only available once that binding has been initialized.
  Typically, this is done by calling "WidgetsFlutterBinding.ensureInitialized()" or "runApp()" (the latter calls the former). Typically this call is done in the "void main()" method. The "ensureInitialized" method is idempotent; calling it multiple times is not harmful. After calling that method, the "instance" getter will return the binding.
  In a test, one can call "TestWidgetsFlutterBinding.ensureInitialized()" as the first line in the test's "main()" method to initialize the binding.
  If ServicesBinding is a custom binding mixin, there must also be a custom binding class, like WidgetsFlutterBinding, but that mixes in the selected binding, and that is the class that must be constructed before using the "instance" getter.
  package:flutter/src/foundation/binding.dart 314:9          BindingBase.checkInstance.<fn>
  package:flutter/src/foundation/binding.dart 401:6          BindingBase.checkInstance
  package:flutter/src/services/binding.dart 73:54            ServicesBinding.instance
  package:flutter/src/services/platform_channel.dart 178:25  _findBinaryMessenger
  package:flutter/src/services/platform_channel.dart 677:62  EventChannel.binaryMessenger
  package:flutter/src/services/platform_channel.dart 724:9   EventChannel.receiveBroadcastStream.<fn>
  dart:async                                                 _BufferingStreamSubscription.cancel
  package:riverpod/src/core/element.dart 306:32              ElementWithFuture.runOnDispose
  package:riverpod/src/core/element.dart 1211:5              ProviderElement.clearState
  package:riverpod/src/core/element.dart 1242:5              ProviderElement.dispose
  package:riverpod/src/core/element.dart 332:11              ElementWithFuture.dispose
  package:riverpod/src/core/provider_container.dart 1136:15  ProviderContainer._dispose
  package:riverpod/src/core/provider_container.dart 1150:21  ProviderContainer.dispose
  ===== asynchronous gap ===========================
  dart:async                                                 _BufferingStreamSubscription.cancel
  package:riverpod/src/core/element.dart 306:32              ElementWithFuture.runOnDispose
  package:riverpod/src/core/element.dart 1211:5              ProviderElement.clearState
  package:riverpod/src/core/element.dart 1242:5              ProviderElement.dispose
  package:riverpod/src/core/element.dart 332:11              ElementWithFuture.dispose
  package:riverpod/src/core/provider_container.dart 1136:15  ProviderContainer._dispose
  package:riverpod/src/core/provider_container.dart 1150:21  ProviderContainer.dispose
  
00:10 +92 -3: loading /Users/wbhinton/projects/ELRS/test/assets/ER8/er8_forensics_test.dart
Forensic analysis complete. Results written to: test/assets/ER8/forensic_results.txt
=== ER8 BINARY FORENSIC REPORT ===
Pixel 10 Output: 1140800 bytes
Webflasher Output: 1140800 bytes
Length Match: true
----------------------------------
Marker "EXPRESSLRS" Offset (Pixel): 0x-1
Marker "EXPRESSLRS" Offset (Web):   0x-1
Marker Shift: 0 bytes
INFO: Bypassed randomized flash-discriminator divergence safely.

RESULT: BIT-PERFECT MATCH FOUND!

00:11 +92 -3: /Users/wbhinton/projects/ELRS/test/bit_list_test.dart: BitList parity with nthBit (WYSIWIS) Uint8(0x00) — BitList[i] == nthBit(i) for all 8 bits
00:11 +93 -3: /Users/wbhinton/projects/ELRS/test/bit_list_test.dart: BitList parity with nthBit (WYSIWIS) Uint8(0xff) — BitList[i] == nthBit(i) for all 8 bits
00:11 +94 -3: /Users/wbhinton/projects/ELRS/test/bit_list_test.dart: BitList parity with nthBit (WYSIWIS) Uint8(0xaa) — BitList[i] == nthBit(i) for all 8 bits
00:11 +95 -3: /Users/wbhinton/projects/ELRS/test/bit_list_test.dart: BitList parity with nthBit (WYSIWIS) Uint8(0x69) — BitList[i] == nthBit(i) for all 8 bits
00:11 +96 -3: /Users/wbhinton/projects/ELRS/test/bit_list_test.dart: BitList parity with nthBit (WYSIWIS) Uint8(0xa3) — BitList[i] == nthBit(i) for all 8 bits
00:11 +97 -3: /Users/wbhinton/projects/ELRS/test/bit_list_test.dart: BitList parity with nthBit (WYSIWIS) Uint16 register — BitList[i] == nthBit(i) for all 16 bits
00:11 +98 -3: /Users/wbhinton/projects/ELRS/test/bit_list_test.dart: BitList length reports correct length for 8-bit BitList
00:11 +99 -3: /Users/wbhinton/projects/ELRS/test/bit_list_test.dart: BitList length reports correct length for 16-bit BitList
00:11 +100 -3: /Users/wbhinton/projects/ELRS/test/bit_list_test.dart: BitList length length setter throws UnsupportedError
00:11 +101 -3: /Users/wbhinton/projects/ELRS/test/bit_list_test.dart: BitList index operator correctly identifies set and clear bits
00:11 +102 -3: /Users/wbhinton/projects/ELRS/test/bit_list_test.dart: BitList index operator throws RangeError for negative index
00:11 +103 -3: /Users/wbhinton/projects/ELRS/test/bit_list_test.dart: BitList index operator throws RangeError for index >= length
00:11 +104 -3: /Users/wbhinton/projects/ELRS/test/bit_list_test.dart: BitList immutability []= throws UnsupportedError
00:11 +105 -3: /Users/wbhinton/projects/ELRS/test/bit_list_test.dart: BitList PWM channel simulation 16-channel BitList parity — all bits agree with Uint8 nthBit (upper 8 bits always false for both when value fits in Uint8)
00:11 +106 -3: /Users/wbhinton/projects/ELRS/test/settings_controller_test.dart: Settings load with correct defaults
00:11 +107 -3: /Users/wbhinton/projects/ELRS/test/settings_controller_test.dart: Toggling Developer Mode saves to disk
00:11 +108 -3: /Users/wbhinton/projects/ELRS/test/settings_controller_test.dart: Setting Regulatory Domain updates state
00:11 +109 -3: /Users/wbhinton/projects/ELRS/test/device_config_service_test.dart: DeviceConfigService fetchConfig returns RuntimeConfig on success
Raw Device Config JSON: {product_name: Test RX, settings: {version: 1.0.0}, options: {domain: 1, wifi-ssid: mikes-wifi}, config: {hardware: {type: lite}}, modelId: 255, modelMatch: false}
00:11 +110 -3: /Users/wbhinton/projects/ELRS/test/device_config_service_test.dart: DeviceConfigService saveOptions sends correct payload and headers
00:11 +111 -3: /Users/wbhinton/projects/ELRS/test/device_config_service_test.dart: DeviceConfigService reboot sends POST request to /reboot
00:11 +112 -3: /Users/wbhinton/projects/ELRS/test/device_config_service_test.dart: DeviceConfigService fetchConfig throws exception on error
00:11 +113 -3: /Users/wbhinton/projects/ELRS/test/device_config_service_test.dart: RuntimeConfig model fromJson and toJson work correctly
00:11 +114 -3: Some tests failed.
